2025-09-18 19:17:21,500 - INFO - === INICIO DEL ENTRENAMIENTO ===
2025-09-18 19:17:21,501 - INFO - Fecha y hora: 2025-09-18 19:17:21
2025-09-18 19:17:22,067 - INFO - Conectando a la base de datos MySQL...
2025-09-18 19:17:56,839 - INFO - Datos cargados desde MySQL: 241403 registros
2025-09-18 19:17:56,839 - INFO - Cargando datos validados desde resultados_qa.xlsx...
2025-09-18 19:17:57,476 - INFO - Total de datos tras combinar: 244753 registros
2025-09-18 19:17:57,476 - INFO - === INICIANDO PREPROCESSING ===
2025-09-18 19:17:57,476 - INFO - Convirtiendo precios a UF...
2025-09-18 19:17:57,648 - INFO - Limpiando columnas numéricas...
2025-09-18 19:17:58,572 - INFO - Procesando valores nulos y rellenando datos...
2025-09-18 19:18:02,053 - INFO - Calculando distancias geoespaciales...
2025-09-18 19:18:03,129 - INFO - Cargando shapefiles...
2025-09-18 19:18:03,462 - INFO - Realizando spatial join con comunas...
2025-09-18 19:18:11,054 - INFO - Calculando distancias a servicios...
2025-09-18 19:18:22,725 - INFO - Distancias geoespaciales calculadas correctamente
2025-09-18 19:18:23,399 - INFO - === INICIANDO ENTRENAMIENTO DEL MODELO ===
2025-09-18 19:18:23,399 - INFO - Preparando datos para el modelo...
2025-09-18 19:18:23,442 - INFO - Datos preparados: 195596 muestras, 15 características
2025-09-18 19:18:23,442 - INFO - Optimizando hiperparámetros para Random Forest...
2025-09-18 19:18:23,442 - INFO - Evaluando 64 combinaciones con 2-fold CV = 128 entrenamientos totales
2025-09-18 19:18:23,442 - INFO - Iniciando Grid Search...
2025-09-18 19:18:43,161 - INFO - === INICIO DEL ENTRENAMIENTO ===
2025-09-18 19:18:43,161 - INFO - Fecha y hora: 2025-09-18 19:18:43
2025-09-18 19:18:43,700 - INFO - Conectando a la base de datos MySQL...
2025-09-18 19:19:17,855 - INFO - Datos cargados desde MySQL: 241403 registros
2025-09-18 19:19:17,855 - INFO - Cargando datos validados desde resultados_qa.xlsx...
2025-09-18 19:19:18,495 - INFO - Total de datos tras combinar: 244753 registros
2025-09-18 19:19:18,496 - INFO - === INICIANDO PREPROCESSING ===
2025-09-18 19:19:18,496 - INFO - Convirtiendo precios a UF...
2025-09-18 19:19:18,669 - INFO - Limpiando columnas numéricas...
2025-09-18 19:19:19,590 - INFO - Procesando valores nulos y rellenando datos...
2025-09-18 19:19:23,001 - INFO - Calculando distancias geoespaciales...
2025-09-18 19:19:24,083 - INFO - Cargando shapefiles...
2025-09-18 19:19:24,383 - INFO - Realizando spatial join con comunas...
2025-09-18 19:19:31,904 - INFO - Calculando distancias a servicios...
2025-09-18 19:19:43,167 - INFO - Distancias geoespaciales calculadas correctamente
2025-09-18 19:19:43,774 - INFO - === INICIANDO ENTRENAMIENTO DEL MODELO ===
2025-09-18 19:19:43,775 - INFO - Preparando datos para el modelo...
2025-09-18 19:19:43,814 - INFO - Datos preparados: 195596 muestras, 15 características
2025-09-18 19:19:43,814 - INFO - Optimizando hiperparámetros para Random Forest...
2025-09-18 19:19:43,814 - INFO - Evaluando 64 combinaciones con 2-fold CV = 128 entrenamientos totales
2025-09-18 19:19:43,814 - INFO - Iniciando Grid Search...
2025-09-18 19:53:08,577 - INFO - Grid Search completado en 0:33:24.761473
2025-09-18 19:53:08,578 - INFO - Mejores parámetros: {'model__bootstrap': True, 'model__max_depth': 25, 'model__max_features': 0.6, 'model__max_samples': 0.9, 'model__min_samples_leaf': 1, 'model__min_samples_split': 2, 'model__n_estimators': 300}
2025-09-18 19:53:08,578 - INFO - Mejor score CV: 1421.66
2025-09-18 19:53:08,578 - INFO - Calculando métricas finales con cross-validation...
2025-09-18 19:54:16,435 - INFO - Métricas del modelo:
2025-09-18 19:54:16,436 - INFO -   - RMSE: 1421.66
2025-09-18 19:54:16,436 - INFO -   - R²: 0.9385
2025-09-18 19:54:16,436 - INFO -   - MAPE: 14.07%
2025-09-18 19:54:16,436 - INFO - === GUARDANDO MODELO Y ARTEFACTOS ===
2025-09-18 19:54:16,436 - INFO - Guardando modelo comprimido...
2025-09-18 19:54:37,093 - INFO - Modelo guardado en 0:00:20.656821
2025-09-18 19:54:37,182 - INFO - Tamaño del modelo: 0.55 GB
2025-09-18 19:54:37,182 - INFO - === ENTRENAMIENTO COMPLETADO ===
2025-09-18 19:54:37,182 - INFO - Resultados CV: {'Random Forest': {'rmse': 1421.6642044560979, 'r2': 0.9385331703379984, 'mape': 14.072459480714667}}
2025-09-18 19:54:37,182 - INFO - Mejor modelo seleccionado: Random Forest
2025-09-18 19:54:37,182 - INFO - Archivo 'modelo_valoracion.joblib' creado correctamente.
2025-09-18 19:54:37,182 - INFO - Logs guardados en 'training.log'
